// Jest Snapshot v1, https://goo.gl/fbAQLP

exports[`Chart.vue has the expected html structure 1`] = `
<div
  class=""
>
  <canvas
    class="chartjs-render-monitor"
    height="0"
    id="line-chart"
    style="display: block;"
    width="0"
  />
</div>
`;
