// Jest Snapshot v1, https://goo.gl/fbAQLP

exports[`vButton.vue has the expected html structure 1`] = `
<button
  class="button button--tertiary"
>
  <i
    class="material-icons"
  >
    close
  </i>
</button>
`;
